Assuming unrestricted shared filesystem usage.
host: Luoxu_Zenbook
Building DAG of jobs...
Provided cores: 1 (use --cores to define parallelism)
Rules claiming more threads will be scaled down.
Job stats:
job                     count
--------------------  -------
acquire_data                1
clean_integrate_data        1
profile_data                1
analyze_data                1
make_visualizations         1
all                         1
total                       6

Select jobs to execute...
Execute 1 jobs...
[Sat May  2 02:03:35 2026]
localrule acquire_data:
    output: data/raw/atp_players.csv, data/raw/atp_rankings_current.csv, data/raw/RealGDP.csv
    jobid: 1
    reason: Missing output files: data/raw/atp_rankings_current.csv, data/raw/atp_players.csv, data/raw/RealGDP.csv
    resources: tmpdir=C:\Users\luoxu\AppData\Local\Temp
[Sat May  2 02:03:39 2026]
Finished jobid: 1 (Rule: acquire_data)
1 of 6 steps (17%) done
Select jobs to execute...
Execute 1 jobs...
[Sat May  2 02:03:39 2026]
localrule profile_data:
    input: data/raw/atp_players.csv, data/raw/atp_rankings_current.csv, data/raw/RealGDP.csv
    output: results/tables/raw_dataset_shapes.csv, results/tables/data_quality_summary.csv, results/tables/missing_values_summary.csv
    jobid: 2
    reason: Missing output files: results/tables/data_quality_summary.csv, results/tables/missing_values_summary.csv, results/tables/raw_dataset_shapes.csv; Input files updated by another job: data/raw/atp_rankings_current.csv, data/raw/atp_players.csv, data/raw/RealGDP.csv
    resources: tmpdir=C:\Users\luoxu\AppData\Local\Temp
Select jobs to execute...
[Sat May  2 02:03:42 2026]
Finished jobid: 2 (Rule: profile_data)
2 of 6 steps (33%) done
Execute 1 jobs...
[Sat May  2 02:03:42 2026]
localrule clean_integrate_data:
    input: data/raw/atp_players.csv, data/raw/atp_rankings_current.csv, data/raw/RealGDP.csv
    output: data/processed/tennis_gdp_clean.csv
    jobid: 3
    reason: Missing output files: data/processed/tennis_gdp_clean.csv; Input files updated by another job: data/raw/atp_rankings_current.csv, data/raw/atp_players.csv, data/raw/RealGDP.csv
    resources: tmpdir=C:\Users\luoxu\AppData\Local\Temp
[Sat May  2 02:03:45 2026]
Finished jobid: 3 (Rule: clean_integrate_data)
3 of 6 steps (50%) done
Select jobs to execute...
Execute 1 jobs...
[Sat May  2 02:03:45 2026]
localrule analyze_data:
    input: data/processed/tennis_gdp_clean.csv
    output: results/tables/country_summary.csv, results/tables/correlation_summary.csv, results/tables/model_classification_report.csv, results/tables/model_predictions.csv
    jobid: 4
    reason: Missing output files: results/tables/correlation_summary.csv, results/tables/model_predictions.csv, results/tables/model_classification_report.csv, results/tables/country_summary.csv; Input files updated by another job: data/processed/tennis_gdp_clean.csv
    resources: tmpdir=C:\Users\luoxu\AppData\Local\Temp
Select jobs to execute...
